{
  "docs": [
    {
      "category": [
        "gene"
      ],
      "highlight": "<em class=\"hilite\">SHH3</em>",
      "has_highlight": true,
      "label": ["SHH3"],
      "taxon": "NCBITaxon:559292",
      "match": "SHH3",
      "taxon_label": "Saccharomyces cerevisiae S288C",
      "id": "SGD:S000004724",
      "equivalent_ids": ["NCBIGene:855145"]
    },
    {
      "category": [
        "gene"
      ],
      "highlight": "<em class=\"hilite\">SHH4</em>",
      "has_highlight": true,
      "label": ["SHH4"],
      "taxon": "NCBITaxon:559292",
      "match": "SHH4",
      "taxon_label": "Saccharomyces cerevisiae S288C",
      "id": "SGD:S000004154",
      "equivalent_ids": ["NCBIGene:850861"]
    },
    {
      "category": [
        "gene"
      ],
      "highlight": "<em class=\"hilite\">SHH</em>",
      "has_highlight": true,
      "label": ["SHH"],
      "taxon": "NCBITaxon:9598",
      "match": "SHH",
      "taxon_label": "Pan troglodytes",
      "id": "NCBIGene:743371",
      "equivalent_ids": ["ENSEMBL:ENSPTRG00000019912"]
    }
  ]
}